// Jest Snapshot v1, https://goo.gl/fbAQLP

exports[`component snapshot test 1`] = `
<div
  className="RequestBatchCardModal"
>
  <div>
    Request Sent Successfully
  </div>
  <div
    className="XButton"
  >
    X
  </div>
</div>
`;
